ARM Linker, 5.03 [Build 76] [MDK-ARM Lite]

==============================================================================

Section Cross References

    startup_tm4c123.o(STACK) refers (Special) to heapauxi.o(.text) for __use_two_region_memory
    startup_tm4c123.o(HEAP) refers (Special) to heapauxi.o(.text) for __use_two_region_memory
    startup_tm4c123.o(RESET) refers (Special) to heapauxi.o(.text) for __use_two_region_memory
    startup_tm4c123.o(RESET) refers to startup_tm4c123.o(STACK) for __initial_sp
    startup_tm4c123.o(RESET) refers to startup_tm4c123.o(.text) for Reset_Handler
    startup_tm4c123.o(.text) refers (Special) to heapauxi.o(.text) for __use_two_region_memory
    startup_tm4c123.o(.text) refers to main.o(.text) for SystemInit
    startup_tm4c123.o(.text) refers to __main.o(!!!main) for __main
    startup_tm4c123.o(.text) refers to startup_tm4c123.o(HEAP) for Heap_Mem
    startup_tm4c123.o(.text) refers to startup_tm4c123.o(STACK) for Stack_Mem
    main.o(.text) refers to gpio.o(.text) for gpio_init_pin
    __main.o(!!!main) refers to rtentry.o(.ARM.Collect$$rtentry$$00000000) for __rt_entry
    rtentry.o(.ARM.Collect$$rtentry$$00000000) refers (Special) to rtentry2.o(.ARM.Collect$$rtentry$$0000000A) for __rt_entry_li
    rtentry.o(.ARM.Collect$$rtentry$$00000000) refers (Special) to rtentry2.o(.ARM.Collect$$rtentry$$0000000D) for __rt_entry_main
    rtentry.o(.ARM.Collect$$rtentry$$00000000) refers (Special) to rtentry2.o(.ARM.Collect$$rtentry$$0000000C) for __rt_entry_postli_1
    rtentry.o(.ARM.Collect$$rtentry$$00000000) refers (Special) to rtentry2.o(.ARM.Collect$$rtentry$$00000009) for __rt_entry_postsh_1
    rtentry.o(.ARM.Collect$$rtentry$$00000000) refers (Special) to rtentry2.o(.ARM.Collect$$rtentry$$00000002) for __rt_entry_presh_1
    rtentry.o(.ARM.Collect$$rtentry$$00000000) refers (Special) to rtentry4.o(.ARM.Collect$$rtentry$$00000004) for __rt_entry_sh
    rtentry2.o(.ARM.Collect$$rtentry$$00000008) refers to boardinit2.o(.text) for _platform_post_stackheap_init
    rtentry2.o(.ARM.Collect$$rtentry$$0000000A) refers to libinit.o(.ARM.Collect$$libinit$$00000000) for __rt_lib_init
    rtentry2.o(.ARM.Collect$$rtentry$$0000000B) refers to boardinit3.o(.text) for _platform_post_lib_init
    rtentry2.o(.ARM.Collect$$rtentry$$0000000D) refers to main.o(.text) for main
    rtentry2.o(.ARM.Collect$$rtentry$$0000000D) refers to exit.o(.text) for exit
    rtentry2.o(.ARM.exidx) refers to rtentry2.o(.ARM.Collect$$rtentry$$00000001) for .ARM.Collect$$rtentry$$00000001
    rtentry2.o(.ARM.exidx) refers to rtentry2.o(.ARM.Collect$$rtentry$$00000008) for .ARM.Collect$$rtentry$$00000008
    rtentry2.o(.ARM.exidx) refers to rtentry2.o(.ARM.Collect$$rtentry$$0000000A) for .ARM.Collect$$rtentry$$0000000A
    rtentry2.o(.ARM.exidx) refers to rtentry2.o(.ARM.Collect$$rtentry$$0000000B) for .ARM.Collect$$rtentry$$0000000B
    rtentry2.o(.ARM.exidx) refers to rtentry2.o(.ARM.Collect$$rtentry$$0000000D) for .ARM.Collect$$rtentry$$0000000D
    rtentry4.o(.ARM.Collect$$rtentry$$00000004) refers to sys_stackheap_outer.o(.text) for __user_setup_stackheap
    rtentry4.o(.ARM.exidx) refers to rtentry4.o(.ARM.Collect$$rtentry$$00000004) for .ARM.Collect$$rtentry$$00000004
    sys_stackheap_outer.o(.text) refers to libspace.o(.text) for __user_perproc_libspace
    sys_stackheap_outer.o(.text) refers to startup_tm4c123.o(.text) for __user_initial_stackheap
    exit.o(.text) refers to rtexit.o(.ARM.Collect$$rtexit$$00000000) for __rt_exit
    libinit.o(.ARM.Collect$$libinit$$00000000) refers (Special) to libinit2.o(.ARM.Collect$$libinit$$0000002C) for __rt_lib_init_alloca_1
    libinit.o(.ARM.Collect$$libinit$$00000000) refers (Special) to libinit2.o(.ARM.Collect$$libinit$$0000002A) for __rt_lib_init_argv_1
    libinit.o(.ARM.Collect$$libinit$$00000000) refers (Special) to libinit2.o(.ARM.Collect$$libinit$$00000019) for __rt_lib_init_atexit_1
    libinit.o(.ARM.Collect$$libinit$$00000000) refers (Special) to libinit2.o(.ARM.Collect$$libinit$$0000001F) for __rt_lib_init_clock_1
    libinit.o(.ARM.Collect$$libinit$$00000000) refers (Special) to libinit2.o(.ARM.Collect$$libinit$$00000030) for __rt_lib_init_cpp_1
    libinit.o(.ARM.Collect$$libinit$$00000000) refers (Special) to libinit2.o(.ARM.Collect$$libinit$$0000002E) for __rt_lib_init_exceptions_1
    libinit.o(.ARM.Collect$$libinit$$00000000) refers (Special) to libinit2.o(.ARM.Collect$$libinit$$00000002) for __rt_lib_init_fp_1
    libinit.o(.ARM.Collect$$libinit$$00000000) refers (Special) to libinit2.o(.ARM.Collect$$libinit$$0000001D) for __rt_lib_init_fp_trap_1
    libinit.o(.ARM.Collect$$libinit$$00000000) refers (Special) to libinit2.o(.ARM.Collect$$libinit$$00000021) for __rt_lib_init_getenv_1
    libinit.o(.ARM.Collect$$libinit$$00000000) refers (Special) to libinit2.o(.ARM.Collect$$libinit$$00000008) for __rt_lib_init_heap_1
    libinit.o(.ARM.Collect$$libinit$$00000000) refers (Special) to libinit2.o(.ARM.Collect$$libinit$$0000000F) for __rt_lib_init_lc_collate_1
    libinit.o(.ARM.Collect$$libinit$$00000000) refers (Special) to libinit2.o(.ARM.Collect$$libinit$$00000011) for __rt_lib_init_lc_ctype_1
    libinit.o(.ARM.Collect$$libinit$$00000000) refers (Special) to libinit2.o(.ARM.Collect$$libinit$$00000013) for __rt_lib_init_lc_monetary_1
    libinit.o(.ARM.Collect$$libinit$$00000000) refers (Special) to libinit2.o(.ARM.Collect$$libinit$$00000015) for __rt_lib_init_lc_numeric_1
    libinit.o(.ARM.Collect$$libinit$$00000000) refers (Special) to libinit2.o(.ARM.Collect$$libinit$$00000017) for __rt_lib_init_lc_time_1
    libinit.o(.ARM.Collect$$libinit$$00000000) refers (Special) to libinit2.o(.ARM.Collect$$libinit$$0000000C) for __rt_lib_init_rand_1
    libinit.o(.ARM.Collect$$libinit$$00000000) refers (Special) to libinit2.o(.ARM.Collect$$libinit$$00000031) for __rt_lib_init_return
    libinit.o(.ARM.Collect$$libinit$$00000000) refers (Special) to libinit2.o(.ARM.Collect$$libinit$$0000001B) for __rt_lib_init_signal_1
    libinit.o(.ARM.Collect$$libinit$$00000000) refers (Special) to libinit2.o(.ARM.Collect$$libinit$$00000023) for __rt_lib_init_stdio_1
    libinit.o(.ARM.Collect$$libinit$$00000000) refers (Special) to libinit2.o(.ARM.Collect$$libinit$$0000000A) for __rt_lib_init_user_alloc_1
    libspace.o(.text) refers to libspace.o(.bss) for __libspace_start
    rtexit.o(.ARM.Collect$$rtexit$$00000000) refers (Special) to rtexit2.o(.ARM.Collect$$rtexit$$00000004) for __rt_exit_exit
    rtexit.o(.ARM.Collect$$rtexit$$00000000) refers (Special) to rtexit2.o(.ARM.Collect$$rtexit$$00000003) for __rt_exit_ls
    rtexit.o(.ARM.Collect$$rtexit$$00000000) refers (Special) to rtexit2.o(.ARM.Collect$$rtexit$$00000002) for __rt_exit_prels_1
    rtexit.o(.ARM.exidx) refers (Special) to rtexit2.o(.ARM.Collect$$rtexit$$00000004) for __rt_exit_exit
    rtexit.o(.ARM.exidx) refers (Special) to rtexit2.o(.ARM.Collect$$rtexit$$00000003) for __rt_exit_ls
    rtexit.o(.ARM.exidx) refers (Special) to rtexit2.o(.ARM.Collect$$rtexit$$00000002) for __rt_exit_prels_1
    rtexit.o(.ARM.exidx) refers to rtexit.o(.ARM.Collect$$rtexit$$00000000) for .ARM.Collect$$rtexit$$00000000
    libinit2.o(.ARM.Collect$$libinit$$0000000E) refers to libinit2.o(.ARM.Collect$$libinit$$0000000D) for .ARM.Collect$$libinit$$0000000D
    libinit2.o(.ARM.Collect$$libinit$$00000010) refers to libinit2.o(.ARM.Collect$$libinit$$0000000D) for .ARM.Collect$$libinit$$0000000D
    libinit2.o(.ARM.Collect$$libinit$$00000012) refers to libinit2.o(.ARM.Collect$$libinit$$0000000D) for .ARM.Collect$$libinit$$0000000D
    libinit2.o(.ARM.Collect$$libinit$$00000014) refers to libinit2.o(.ARM.Collect$$libinit$$0000000D) for .ARM.Collect$$libinit$$0000000D
    libinit2.o(.ARM.Collect$$libinit$$00000016) refers to libinit2.o(.ARM.Collect$$libinit$$0000000D) for .ARM.Collect$$libinit$$0000000D
    libinit2.o(.ARM.Collect$$libinit$$00000024) refers to argv_veneer.o(.emb_text) for __ARM_argv_veneer
    libinit2.o(.ARM.Collect$$libinit$$00000025) refers to argv_veneer.o(.emb_text) for __ARM_argv_veneer
    rtexit2.o(.ARM.Collect$$rtexit$$00000003) refers to libshutdown.o(.ARM.Collect$$libshutdown$$00000000) for __rt_lib_shutdown
    rtexit2.o(.ARM.Collect$$rtexit$$00000004) refers to sys_exit.o(.text) for _sys_exit
    rtexit2.o(.ARM.exidx) refers to rtexit2.o(.ARM.Collect$$rtexit$$00000001) for .ARM.Collect$$rtexit$$00000001
    rtexit2.o(.ARM.exidx) refers to rtexit2.o(.ARM.Collect$$rtexit$$00000003) for .ARM.Collect$$rtexit$$00000003
    rtexit2.o(.ARM.exidx) refers to rtexit2.o(.ARM.Collect$$rtexit$$00000004) for .ARM.Collect$$rtexit$$00000004
    argv_veneer.o(.emb_text) refers to no_argv.o(.text) for __ARM_get_argv
    sys_exit.o(.text) refers (Special) to use_no_semi.o(.text) for __I$use$semihosting
    sys_exit.o(.text) refers (Special) to indicate_semi.o(.text) for __semihosting_library_function
    _get_argv_nomalloc.o(.text) refers (Special) to hrguard.o(.text) for __heap_region$guard
    _get_argv_nomalloc.o(.text) refers to defsig_rtmem_outer.o(.text) for __rt_SIGRTMEM
    _get_argv_nomalloc.o(.text) refers to sys_command.o(.text) for _sys_command_string
    libshutdown.o(.ARM.Collect$$libshutdown$$00000000) refers (Special) to libshutdown2.o(.ARM.Collect$$libshutdown$$00000006) for __rt_lib_shutdown_fp_trap_1
    libshutdown.o(.ARM.Collect$$libshutdown$$00000000) refers (Special) to libshutdown2.o(.ARM.Collect$$libshutdown$$0000000E) for __rt_lib_shutdown_heap_1
    libshutdown.o(.ARM.Collect$$libshutdown$$00000000) refers (Special) to libshutdown2.o(.ARM.Collect$$libshutdown$$0000000F) for __rt_lib_shutdown_return
    libshutdown.o(.ARM.Collect$$libshutdown$$00000000) refers (Special) to libshutdown2.o(.ARM.Collect$$libshutdown$$00000009) for __rt_lib_shutdown_signal_1
    libshutdown.o(.ARM.Collect$$libshutdown$$00000000) refers (Special) to libshutdown2.o(.ARM.Collect$$libshutdown$$00000003) for __rt_lib_shutdown_stdio_1
    libshutdown.o(.ARM.Collect$$libshutdown$$00000000) refers (Special) to libshutdown2.o(.ARM.Collect$$libshutdown$$0000000B) for __rt_lib_shutdown_user_alloc_1
    sys_command.o(.text) refers (Special) to use_no_semi.o(.text) for __I$use$semihosting
    sys_command.o(.text) refers (Special) to indicate_semi.o(.text) for __semihosting_library_function
    defsig_rtmem_outer.o(.text) refers to defsig_rtmem_inner.o(.text) for __rt_SIGRTMEM_inner
    defsig_rtmem_outer.o(.text) refers to defsig_exit.o(.text) for __sig_exit
    defsig_rtmem_formal.o(.text) refers to rt_raise.o(.text) for __rt_raise
    rt_raise.o(.text) refers to __raise.o(.text) for __raise
    rt_raise.o(.text) refers to sys_exit.o(.text) for _sys_exit
    defsig_exit.o(.text) refers to sys_exit.o(.text) for _sys_exit
    defsig_rtmem_inner.o(.text) refers to defsig_general.o(.text) for __default_signal_display
    __raise.o(.text) refers to defsig.o(CL$$defsig) for __default_signal_handler
    defsig_general.o(.text) refers to sys_wrch.o(.text) for _ttywrch
    sys_wrch.o(.text) refers (Special) to use_no_semi.o(.text) for __I$use$semihosting
    sys_wrch.o(.text) refers (Special) to indicate_semi.o(.text) for __semihosting_library_function
    defsig.o(CL$$defsig) refers to defsig_rtmem_inner.o(.text) for __rt_SIGRTMEM_inner
    defsig_abrt_inner.o(.text) refers to defsig_general.o(.text) for __default_signal_display
    defsig_fpe_inner.o(.text) refers to defsig_general.o(.text) for __default_signal_display
    defsig_rtred_inner.o(.text) refers to defsig_general.o(.text) for __default_signal_display
    defsig_stak_inner.o(.text) refers to defsig_general.o(.text) for __default_signal_display
    defsig_pvfn_inner.o(.text) refers to defsig_general.o(.text) for __default_signal_display
    defsig_cppl_inner.o(.text) refers to defsig_general.o(.text) for __default_signal_display
    defsig_segv_inner.o(.text) refers to defsig_general.o(.text) for __default_signal_display
    defsig_other.o(.text) refers to defsig_general.o(.text) for __default_signal_display


==============================================================================

Image Symbol Table

    Local Symbols

    Symbol Name                              Value     Ov Type        Size  Object(Section)

    RESET                                    0x00000000   Section      620  startup_tm4c123.o(RESET)
    ../clib/angel/boardlib.s                 0x00000000   Number         0  boardinit2.o ABSOLUTE
    ../clib/angel/boardlib.s                 0x00000000   Number         0  boardinit1.o ABSOLUTE
    ../clib/angel/boardlib.s                 0x00000000   Number         0  boardshut.o ABSOLUTE
    ../clib/angel/boardlib.s                 0x00000000   Number         0  boardinit3.o ABSOLUTE
    ../clib/angel/handlers.s                 0x00000000   Number         0  __scatter_zi.o ABSOLUTE
    ../clib/angel/kernel.s                   0x00000000   Number         0  rtentry4.o ABSOLUTE
    ../clib/angel/kernel.s                   0x00000000   Number         0  rtexit2.o ABSOLUTE
    ../clib/angel/kernel.s                   0x00000000   Number         0  rtentry2.o ABSOLUTE
    ../clib/angel/kernel.s                   0x00000000   Number         0  rtentry.o ABSOLUTE
    ../clib/angel/kernel.s                   0x00000000   Number         0  rtexit.o ABSOLUTE
    ../clib/angel/rt.s                       0x00000000   Number         0  rt_raise.o ABSOLUTE
    ../clib/angel/scatter.s                  0x00000000   Number         0  __scatter.o ABSOLUTE
    ../clib/angel/startup.s                  0x00000000   Number         0  __main.o ABSOLUTE
    ../clib/angel/sys.s                      0x00000000   Number         0  sys_stackheap_outer.o ABSOLUTE
    ../clib/angel/sys.s                      0x00000000   Number         0  libspace.o ABSOLUTE
    ../clib/angel/sys.s                      0x00000000   Number         0  use_no_semi.o ABSOLUTE
    ../clib/angel/sys.s                      0x00000000   Number         0  indicate_semi.o ABSOLUTE
    ../clib/angel/sysapp.c                   0x00000000   Number         0  sys_exit.o ABSOLUTE
    ../clib/angel/sysapp.c                   0x00000000   Number         0  sys_command.o ABSOLUTE
    ../clib/angel/sysapp.c                   0x00000000   Number         0  sys_wrch.o ABSOLUTE
    ../clib/armsys.c                         0x00000000   Number         0  argv_veneer.o ABSOLUTE
    ../clib/armsys.c                         0x00000000   Number         0  argv_veneer.o ABSOLUTE
    ../clib/armsys.c                         0x00000000   Number         0  no_argv.o ABSOLUTE
    ../clib/armsys.c                         0x00000000   Number         0  _get_argv_nomalloc.o ABSOLUTE
    ../clib/heapalloc.c                      0x00000000   Number         0  hrguard.o ABSOLUTE
    ../clib/heapaux.c                        0x00000000   Number         0  heapauxi.o ABSOLUTE
    ../clib/libinit.s                        0x00000000   Number         0  libshutdown2.o ABSOLUTE
    ../clib/libinit.s                        0x00000000   Number         0  libinit2.o ABSOLUTE
    ../clib/libinit.s                        0x00000000   Number         0  libshutdown.o ABSOLUTE
    ../clib/libinit.s                        0x00000000   Number         0  libinit.o ABSOLUTE
    ../clib/signal.c                         0x00000000   Number         0  defsig_other.o ABSOLUTE
    ../clib/signal.c                         0x00000000   Number         0  defsig_segv_inner.o ABSOLUTE
    ../clib/signal.c                         0x00000000   Number         0  defsig_rtmem_formal.o ABSOLUTE
    ../clib/signal.c                         0x00000000   Number         0  defsig_cppl_inner.o ABSOLUTE
    ../clib/signal.c                         0x00000000   Number         0  defsig_pvfn_inner.o ABSOLUTE
    ../clib/signal.c                         0x00000000   Number         0  defsig_exit.o ABSOLUTE
    ../clib/signal.c                         0x00000000   Number         0  defsig_general.o ABSOLUTE
    ../clib/signal.c                         0x00000000   Number         0  defsig_abrt_inner.o ABSOLUTE
    ../clib/signal.c                         0x00000000   Number         0  __raise.o ABSOLUTE
    ../clib/signal.c                         0x00000000   Number         0  defsig_rtred_inner.o ABSOLUTE
    ../clib/signal.c                         0x00000000   Number         0  defsig_stak_inner.o ABSOLUTE
    ../clib/signal.c                         0x00000000   Number         0  defsig_rtmem_outer.o ABSOLUTE
    ../clib/signal.c                         0x00000000   Number         0  defsig_rtmem_inner.o ABSOLUTE
    ../clib/signal.c                         0x00000000   Number         0  defsig_fpe_inner.o ABSOLUTE
    ../clib/signal.s                         0x00000000   Number         0  defsig.o ABSOLUTE
    ../clib/stdlib.c                         0x00000000   Number         0  exit.o ABSOLUTE
    ../fplib/fpinit.s                        0x00000000   Number         0  fpinit.o ABSOLUTE
    dc.s                                     0x00000000   Number         0  dc.o ABSOLUTE
    gpio.c                                   0x00000000   Number         0  gpio.o ABSOLUTE
    main.c                                   0x00000000   Number         0  main.o ABSOLUTE
    startup_TM4C123.s                        0x00000000   Number         0  startup_tm4c123.o ABSOLUTE
    !!!main                                  0x0000026c   Section        8  __main.o(!!!main)
    !!!scatter                               0x00000274   Section       52  __scatter.o(!!!scatter)
    !!handler_zi                             0x000002a8   Section       28  __scatter_zi.o(!!handler_zi)
    .ARM.Collect$$libinit$$00000000          0x000002c4   Section        2  libinit.o(.ARM.Collect$$libinit$$00000000)
    .ARM.Collect$$libinit$$00000002          0x000002c6   Section        0  libinit2.o(.ARM.Collect$$libinit$$00000002)
    .ARM.Collect$$libinit$$00000008          0x000002c6   Section        0  libinit2.o(.ARM.Collect$$libinit$$00000008)
    .ARM.Collect$$libinit$$0000000A          0x000002c6   Section        0  libinit2.o(.ARM.Collect$$libinit$$0000000A)
    .ARM.Collect$$libinit$$0000000C          0x000002c6   Section        0  libinit2.o(.ARM.Collect$$libinit$$0000000C)
    .ARM.Collect$$libinit$$0000000F          0x000002c6   Section        0  libinit2.o(.ARM.Collect$$libinit$$0000000F)
    .ARM.Collect$$libinit$$00000011          0x000002c6   Section        0  libinit2.o(.ARM.Collect$$libinit$$00000011)
    .ARM.Collect$$libinit$$00000013          0x000002c6   Section        0  libinit2.o(.ARM.Collect$$libinit$$00000013)
    .ARM.Collect$$libinit$$00000015          0x000002c6   Section        0  libinit2.o(.ARM.Collect$$libinit$$00000015)
    .ARM.Collect$$libinit$$00000017          0x000002c6   Section        0  libinit2.o(.ARM.Collect$$libinit$$00000017)
    .ARM.Collect$$libinit$$00000019          0x000002c6   Section        0  libinit2.o(.ARM.Collect$$libinit$$00000019)
    .ARM.Collect$$libinit$$0000001B          0x000002c6   Section        0  libinit2.o(.ARM.Collect$$libinit$$0000001B)
    .ARM.Collect$$libinit$$0000001D          0x000002c6   Section        0  libinit2.o(.ARM.Collect$$libinit$$0000001D)
    .ARM.Collect$$libinit$$0000001F          0x000002c6   Section        0  libinit2.o(.ARM.Collect$$libinit$$0000001F)
    .ARM.Collect$$libinit$$00000021          0x000002c6   Section        0  libinit2.o(.ARM.Collect$$libinit$$00000021)
    .ARM.Collect$$libinit$$00000023          0x000002c6   Section        0  libinit2.o(.ARM.Collect$$libinit$$00000023)
    .ARM.Collect$$libinit$$0000002A          0x000002c6   Section        0  libinit2.o(.ARM.Collect$$libinit$$0000002A)
    .ARM.Collect$$libinit$$0000002C          0x000002c6   Section        0  libinit2.o(.ARM.Collect$$libinit$$0000002C)
    .ARM.Collect$$libinit$$0000002E          0x000002c6   Section        0  libinit2.o(.ARM.Collect$$libinit$$0000002E)
    .ARM.Collect$$libinit$$00000030          0x000002c6   Section        0  libinit2.o(.ARM.Collect$$libinit$$00000030)
    .ARM.Collect$$libinit$$00000031          0x000002c6   Section        2  libinit2.o(.ARM.Collect$$libinit$$00000031)
    .ARM.Collect$$libshutdown$$00000000      0x000002c8   Section        2  libshutdown.o(.ARM.Collect$$libshutdown$$00000000)
    .ARM.Collect$$libshutdown$$00000003      0x000002ca   Section        0  libshutdown2.o(.ARM.Collect$$libshutdown$$00000003)
    .ARM.Collect$$libshutdown$$00000006      0x000002ca   Section        0  libshutdown2.o(.ARM.Collect$$libshutdown$$00000006)
    .ARM.Collect$$libshutdown$$00000009      0x000002ca   Section        0  libshutdown2.o(.ARM.Collect$$libshutdown$$00000009)
    .ARM.Collect$$libshutdown$$0000000B      0x000002ca   Section        0  libshutdown2.o(.ARM.Collect$$libshutdown$$0000000B)
    .ARM.Collect$$libshutdown$$0000000E      0x000002ca   Section        0  libshutdown2.o(.ARM.Collect$$libshutdown$$0000000E)
    .ARM.Collect$$libshutdown$$0000000F      0x000002ca   Section        2  libshutdown2.o(.ARM.Collect$$libshutdown$$0000000F)
    .ARM.Collect$$rtentry$$00000000          0x000002cc   Section        0  rtentry.o(.ARM.Collect$$rtentry$$00000000)
    .ARM.Collect$$rtentry$$00000002          0x000002cc   Section        0  rtentry2.o(.ARM.Collect$$rtentry$$00000002)
    .ARM.Collect$$rtentry$$00000004          0x000002cc   Section        6  rtentry4.o(.ARM.Collect$$rtentry$$00000004)
    .ARM.Collect$$rtentry$$00000009          0x000002d2   Section        0  rtentry2.o(.ARM.Collect$$rtentry$$00000009)
    .ARM.Collect$$rtentry$$0000000A          0x000002d2   Section        4  rtentry2.o(.ARM.Collect$$rtentry$$0000000A)
    .ARM.Collect$$rtentry$$0000000C          0x000002d6   Section        0  rtentry2.o(.ARM.Collect$$rtentry$$0000000C)
    .ARM.Collect$$rtentry$$0000000D          0x000002d6   Section        8  rtentry2.o(.ARM.Collect$$rtentry$$0000000D)
    .ARM.Collect$$rtexit$$00000000           0x000002de   Section        2  rtexit.o(.ARM.Collect$$rtexit$$00000000)
    .ARM.Collect$$rtexit$$00000002           0x000002e0   Section        0  rtexit2.o(.ARM.Collect$$rtexit$$00000002)
    .ARM.Collect$$rtexit$$00000003           0x000002e0   Section        4  rtexit2.o(.ARM.Collect$$rtexit$$00000003)
    .ARM.Collect$$rtexit$$00000004           0x000002e4   Section        6  rtexit2.o(.ARM.Collect$$rtexit$$00000004)
    .text                                    0x000002ec   Section      276  startup_tm4c123.o(.text)
    .text                                    0x00000400   Section        0  main.o(.text)
    .text                                    0x00000458   Section        0  gpio.o(.text)
    .text                                    0x000007f0   Section        0  heapauxi.o(.text)
    .text                                    0x000007f6   Section       74  sys_stackheap_outer.o(.text)
    .text                                    0x00000840   Section        0  exit.o(.text)
    .text                                    0x0000084c   Section        8  libspace.o(.text)
    .text                                    0x00000854   Section        0  sys_exit.o(.text)
    .text                                    0x00000860   Section        2  use_no_semi.o(.text)
    .text                                    0x00000862   Section        0  indicate_semi.o(.text)
    .bss                                     0x20000000   Section       96  libspace.o(.bss)
    HEAP                                     0x20000060   Section        0  startup_tm4c123.o(HEAP)
    STACK                                    0x20000060   Section      512  startup_tm4c123.o(STACK)
    Heap_Mem                                 0x20000060   Data           0  startup_tm4c123.o(HEAP)
    Stack_Mem                                0x20000060   Data         512  startup_tm4c123.o(STACK)
    __initial_sp                             0x20000260   Data           0  startup_tm4c123.o(STACK)

    Global Symbols

    Symbol Name                              Value     Ov Type        Size  Object(Section)

    BuildAttributes$$THM_ISAv4$E$P$D$K$B$S$7EM$PE$A:L22UL41UL21$X:L11$S22US41US21$IEEE1$IW$USESV6$~STKCKD$USESV7$~SHL$OSPACE$ROPI$EBA8$UX$STANDARDLIB$REQ8$PRES8$EABIv2 0x00000000   Number         0  anon$$obj.o ABSOLUTE
    __ARM_use_no_argv                        0x00000000   Number         0  main.o ABSOLUTE
    __Vectors                                0x00000000   Data           4  startup_tm4c123.o(RESET)
    __ARM_exceptions_init                     - Undefined Weak Reference
    __alloca_initialize                       - Undefined Weak Reference
    __cpp_initialize__aeabi_                  - Undefined Weak Reference
    __cxa_finalize                            - Undefined Weak Reference
    __rt_locale                               - Undefined Weak Reference
    __sigvec_lookup                           - Undefined Weak Reference
    _atexit_init                              - Undefined Weak Reference
    _call_atexit_fns                          - Undefined Weak Reference
    _clock_init                               - Undefined Weak Reference
    _fp_trap_init                             - Undefined Weak Reference
    _fp_trap_shutdown                         - Undefined Weak Reference
    _get_lc_collate                           - Undefined Weak Reference
    _get_lc_ctype                             - Undefined Weak Reference
    _get_lc_monetary                          - Undefined Weak Reference
    _get_lc_numeric                           - Undefined Weak Reference
    _get_lc_time                              - Undefined Weak Reference
    _getenv_init                              - Undefined Weak Reference
    _handle_redirection                       - Undefined Weak Reference
    _init_alloc                               - Undefined Weak Reference
    _init_user_alloc                          - Undefined Weak Reference
    _initio                                   - Undefined Weak Reference
    _rand_init                                - Undefined Weak Reference
    _signal_finish                            - Undefined Weak Reference
    _signal_init                              - Undefined Weak Reference
    _terminate_alloc                          - Undefined Weak Reference
    _terminate_user_alloc                     - Undefined Weak Reference
    _terminateio                              - Undefined Weak Reference
    __Vectors_End                            0x0000026c   Data           0  startup_tm4c123.o(RESET)
    __Vectors_Size                           0x0000026c   Number         0  startup_tm4c123.o ABSOLUTE
    __main                                   0x0000026d   Thumb Code     8  __main.o(!!!main)
    __scatterload                            0x00000275   Thumb Code     0  __scatter.o(!!!scatter)
    __scatterload_rt2                        0x00000275   Thumb Code    44  __scatter.o(!!!scatter)
    __scatterload_rt2_thumb_only             0x00000275   Thumb Code     0  __scatter.o(!!!scatter)
    __scatterload_null                       0x00000283   Thumb Code     0  __scatter.o(!!!scatter)
    __scatterload_zeroinit                   0x000002a9   Thumb Code    28  __scatter_zi.o(!!handler_zi)
    __rt_lib_init                            0x000002c5   Thumb Code     0  libinit.o(.ARM.Collect$$libinit$$00000000)
    __rt_lib_init_alloca_1                   0x000002c7   Thumb Code     0  libinit2.o(.ARM.Collect$$libinit$$0000002C)
    __rt_lib_init_argv_1                     0x000002c7   Thumb Code     0  libinit2.o(.ARM.Collect$$libinit$$0000002A)
    __rt_lib_init_atexit_1                   0x000002c7   Thumb Code     0  libinit2.o(.ARM.Collect$$libinit$$00000019)
    __rt_lib_init_clock_1                    0x000002c7   Thumb Code     0  libinit2.o(.ARM.Collect$$libinit$$0000001F)
    __rt_lib_init_cpp_1                      0x000002c7   Thumb Code     0  libinit2.o(.ARM.Collect$$libinit$$00000030)
    __rt_lib_init_exceptions_1               0x000002c7   Thumb Code     0  libinit2.o(.ARM.Collect$$libinit$$0000002E)
    __rt_lib_init_fp_1                       0x000002c7   Thumb Code     0  libinit2.o(.ARM.Collect$$libinit$$00000002)
    __rt_lib_init_fp_trap_1                  0x000002c7   Thumb Code     0  libinit2.o(.ARM.Collect$$libinit$$0000001D)
    __rt_lib_init_getenv_1                   0x000002c7   Thumb Code     0  libinit2.o(.ARM.Collect$$libinit$$00000021)
    __rt_lib_init_heap_1                     0x000002c7   Thumb Code     0  libinit2.o(.ARM.Collect$$libinit$$00000008)
    __rt_lib_init_lc_collate_1               0x000002c7   Thumb Code     0  libinit2.o(.ARM.Collect$$libinit$$0000000F)
    __rt_lib_init_lc_ctype_1                 0x000002c7   Thumb Code     0  libinit2.o(.ARM.Collect$$libinit$$00000011)
    __rt_lib_init_lc_monetary_1              0x000002c7   Thumb Code     0  libinit2.o(.ARM.Collect$$libinit$$00000013)
    __rt_lib_init_lc_numeric_1               0x000002c7   Thumb Code     0  libinit2.o(.ARM.Collect$$libinit$$00000015)
    __rt_lib_init_lc_time_1                  0x000002c7   Thumb Code     0  libinit2.o(.ARM.Collect$$libinit$$00000017)
    __rt_lib_init_rand_1                     0x000002c7   Thumb Code     0  libinit2.o(.ARM.Collect$$libinit$$0000000C)
    __rt_lib_init_return                     0x000002c7   Thumb Code     0  libinit2.o(.ARM.Collect$$libinit$$00000031)
    __rt_lib_init_signal_1                   0x000002c7   Thumb Code     0  libinit2.o(.ARM.Collect$$libinit$$0000001B)
    __rt_lib_init_stdio_1                    0x000002c7   Thumb Code     0  libinit2.o(.ARM.Collect$$libinit$$00000023)
    __rt_lib_init_user_alloc_1               0x000002c7   Thumb Code     0  libinit2.o(.ARM.Collect$$libinit$$0000000A)
    __rt_lib_shutdown                        0x000002c9   Thumb Code     0  libshutdown.o(.ARM.Collect$$libshutdown$$00000000)
    __rt_lib_shutdown_fp_trap_1              0x000002cb   Thumb Code     0  libshutdown2.o(.ARM.Collect$$libshutdown$$00000006)
    __rt_lib_shutdown_heap_1                 0x000002cb   Thumb Code     0  libshutdown2.o(.ARM.Collect$$libshutdown$$0000000E)
    __rt_lib_shutdown_return                 0x000002cb   Thumb Code     0  libshutdown2.o(.ARM.Collect$$libshutdown$$0000000F)
    __rt_lib_shutdown_signal_1               0x000002cb   Thumb Code     0  libshutdown2.o(.ARM.Collect$$libshutdown$$00000009)
    __rt_lib_shutdown_stdio_1                0x000002cb   Thumb Code     0  libshutdown2.o(.ARM.Collect$$libshutdown$$00000003)
    __rt_lib_shutdown_user_alloc_1           0x000002cb   Thumb Code     0  libshutdown2.o(.ARM.Collect$$libshutdown$$0000000B)
    __rt_entry                               0x000002cd   Thumb Code     0  rtentry.o(.ARM.Collect$$rtentry$$00000000)
    __rt_entry_presh_1                       0x000002cd   Thumb Code     0  rtentry2.o(.ARM.Collect$$rtentry$$00000002)
    __rt_entry_sh                            0x000002cd   Thumb Code     0  rtentry4.o(.ARM.Collect$$rtentry$$00000004)
    __rt_entry_li                            0x000002d3   Thumb Code     0  rtentry2.o(.ARM.Collect$$rtentry$$0000000A)
    __rt_entry_postsh_1                      0x000002d3   Thumb Code     0  rtentry2.o(.ARM.Collect$$rtentry$$00000009)
    __rt_entry_main                          0x000002d7   Thumb Code     0  rtentry2.o(.ARM.Collect$$rtentry$$0000000D)
    __rt_entry_postli_1                      0x000002d7   Thumb Code     0  rtentry2.o(.ARM.Collect$$rtentry$$0000000C)
    __rt_exit                                0x000002df   Thumb Code     0  rtexit.o(.ARM.Collect$$rtexit$$00000000)
    __rt_exit_ls                             0x000002e1   Thumb Code     0  rtexit2.o(.ARM.Collect$$rtexit$$00000003)
    __rt_exit_prels_1                        0x000002e1   Thumb Code     0  rtexit2.o(.ARM.Collect$$rtexit$$00000002)
    __rt_exit_exit                           0x000002e5   Thumb Code     0  rtexit2.o(.ARM.Collect$$rtexit$$00000004)
    Reset_Handler                            0x000002ed   Thumb Code     8  startup_tm4c123.o(.text)
    NMI_Handler                              0x000002f5   Thumb Code     2  startup_tm4c123.o(.text)
    HardFault_Handler                        0x000002f7   Thumb Code     2  startup_tm4c123.o(.text)
    MemManage_Handler                        0x000002f9   Thumb Code     2  startup_tm4c123.o(.text)
    BusFault_Handler                         0x000002fb   Thumb Code     2  startup_tm4c123.o(.text)
    UsageFault_Handler                       0x000002fd   Thumb Code     2  startup_tm4c123.o(.text)
    SVC_Handler                              0x000002ff   Thumb Code     2  startup_tm4c123.o(.text)
    DebugMon_Handler                         0x00000301   Thumb Code     2  startup_tm4c123.o(.text)
    PendSV_Handler                           0x00000303   Thumb Code     2  startup_tm4c123.o(.text)
    SysTick_Handler                          0x00000305   Thumb Code     2  startup_tm4c123.o(.text)
    GPIOA_Handler                            0x00000307   Thumb Code     2  startup_tm4c123.o(.text)
    GPIOB_Handler                            0x00000309   Thumb Code     2  startup_tm4c123.o(.text)
    GPIOC_Handler                            0x0000030b   Thumb Code     2  startup_tm4c123.o(.text)
    GPIOD_Handler                            0x0000030d   Thumb Code     2  startup_tm4c123.o(.text)
    GPIOE_Handler                            0x0000030f   Thumb Code     2  startup_tm4c123.o(.text)
    UART0_Handler                            0x00000311   Thumb Code     2  startup_tm4c123.o(.text)
    UART1_Handler                            0x00000313   Thumb Code     2  startup_tm4c123.o(.text)
    SSI0_Handler                             0x00000315   Thumb Code     2  startup_tm4c123.o(.text)
    I2C0_Handler                             0x00000317   Thumb Code     2  startup_tm4c123.o(.text)
    PMW0_FAULT_Handler                       0x00000319   Thumb Code     2  startup_tm4c123.o(.text)
    PWM0_0_Handler                           0x0000031b   Thumb Code     2  startup_tm4c123.o(.text)
    PWM0_1_Handler                           0x0000031d   Thumb Code     2  startup_tm4c123.o(.text)
    PWM0_2_Handler                           0x0000031f   Thumb Code     2  startup_tm4c123.o(.text)
    QEI0_Handler                             0x00000321   Thumb Code     2  startup_tm4c123.o(.text)
    ADC0SS0_Handler                          0x00000323   Thumb Code     2  startup_tm4c123.o(.text)
    ADC0SS1_Handler                          0x00000325   Thumb Code     2  startup_tm4c123.o(.text)
    ADC0SS2_Handler                          0x00000327   Thumb Code     2  startup_tm4c123.o(.text)
    ADC0SS3_Handler                          0x00000329   Thumb Code     2  startup_tm4c123.o(.text)
    WDT0_Handler                             0x0000032b   Thumb Code     2  startup_tm4c123.o(.text)
    TIMER0A_Handler                          0x0000032d   Thumb Code     2  startup_tm4c123.o(.text)
    TIMER0B_Handler                          0x0000032f   Thumb Code     2  startup_tm4c123.o(.text)
    TIMER1A_Handler                          0x00000331   Thumb Code     2  startup_tm4c123.o(.text)
    TIMER1B_Handler                          0x00000333   Thumb Code     2  startup_tm4c123.o(.text)
    TIMER2A_Handler                          0x00000335   Thumb Code     2  startup_tm4c123.o(.text)
    TIMER2B_Handler                          0x00000337   Thumb Code     2  startup_tm4c123.o(.text)
    COMP0_Handler                            0x00000339   Thumb Code     2  startup_tm4c123.o(.text)
    COMP1_Handler                            0x0000033b   Thumb Code     2  startup_tm4c123.o(.text)
    COMP2_Handler                            0x0000033d   Thumb Code     2  startup_tm4c123.o(.text)
    SYSCTL_Handler                           0x0000033f   Thumb Code     2  startup_tm4c123.o(.text)
    FLASH_Handler                            0x00000341   Thumb Code     2  startup_tm4c123.o(.text)
    GPIOF_Handler                            0x00000343   Thumb Code     2  startup_tm4c123.o(.text)
    GPIOG_Handler                            0x00000345   Thumb Code     2  startup_tm4c123.o(.text)
    GPIOH_Handler                            0x00000347   Thumb Code     2  startup_tm4c123.o(.text)
    UART2_Handler                            0x00000349   Thumb Code     2  startup_tm4c123.o(.text)
    SSI1_Handler                             0x0000034b   Thumb Code     2  startup_tm4c123.o(.text)
    TIMER3A_Handler                          0x0000034d   Thumb Code     2  startup_tm4c123.o(.text)
    TIMER3B_Handler                          0x0000034f   Thumb Code     2  startup_tm4c123.o(.text)
    I2C1_Handler                             0x00000351   Thumb Code     2  startup_tm4c123.o(.text)
    QEI1_Handler                             0x00000353   Thumb Code     2  startup_tm4c123.o(.text)
    CAN0_Handler                             0x00000355   Thumb Code     2  startup_tm4c123.o(.text)
    CAN1_Handler                             0x00000357   Thumb Code     2  startup_tm4c123.o(.text)
    CAN2_Handler                             0x00000359   Thumb Code     2  startup_tm4c123.o(.text)
    HIB_Handler                              0x0000035b   Thumb Code     2  startup_tm4c123.o(.text)
    USB0_Handler                             0x0000035d   Thumb Code     2  startup_tm4c123.o(.text)
    PWM0_3_Handler                           0x0000035f   Thumb Code     2  startup_tm4c123.o(.text)
    UDMA_Handler                             0x00000361   Thumb Code     2  startup_tm4c123.o(.text)
    UDMAERR_Handler                          0x00000363   Thumb Code     2  startup_tm4c123.o(.text)
    ADC1SS0_Handler                          0x00000365   Thumb Code     2  startup_tm4c123.o(.text)
    ADC1SS1_Handler                          0x00000367   Thumb Code     2  startup_tm4c123.o(.text)
    ADC1SS2_Handler                          0x00000369   Thumb Code     2  startup_tm4c123.o(.text)
    ADC1SS3_Handler                          0x0000036b   Thumb Code     2  startup_tm4c123.o(.text)
    GPIOJ_Handler                            0x0000036d   Thumb Code     2  startup_tm4c123.o(.text)
    GPIOK_Handler                            0x0000036f   Thumb Code     2  startup_tm4c123.o(.text)
    GPIOL_Handler                            0x00000371   Thumb Code     2  startup_tm4c123.o(.text)
    SSI2_Handler                             0x00000373   Thumb Code     2  startup_tm4c123.o(.text)
    SSI3_Handler                             0x00000375   Thumb Code     2  startup_tm4c123.o(.text)
    UART3_Handler                            0x00000377   Thumb Code     2  startup_tm4c123.o(.text)
    UART4_Handler                            0x00000379   Thumb Code     2  startup_tm4c123.o(.text)
    UART5_Handler                            0x0000037b   Thumb Code     2  startup_tm4c123.o(.text)
    UART6_Handler                            0x0000037d   Thumb Code     2  startup_tm4c123.o(.text)
    UART7_Handler                            0x0000037f   Thumb Code     2  startup_tm4c123.o(.text)
    I2C2_Handler                             0x00000381   Thumb Code     2  startup_tm4c123.o(.text)
    I2C3_Handler                             0x00000383   Thumb Code     2  startup_tm4c123.o(.text)
    TIMER4A_Handler                          0x00000385   Thumb Code     2  startup_tm4c123.o(.text)
    TIMER4B_Handler                          0x00000387   Thumb Code     2  startup_tm4c123.o(.text)
    TIMER5A_Handler                          0x00000389   Thumb Code     2  startup_tm4c123.o(.text)
    TIMER5B_Handler                          0x0000038b   Thumb Code     2  startup_tm4c123.o(.text)
    WTIMER0A_Handler                         0x0000038d   Thumb Code     2  startup_tm4c123.o(.text)
    WTIMER0B_Handler                         0x0000038f   Thumb Code     2  startup_tm4c123.o(.text)
    WTIMER1A_Handler                         0x00000391   Thumb Code     2  startup_tm4c123.o(.text)
    WTIMER1B_Handler                         0x00000393   Thumb Code     2  startup_tm4c123.o(.text)
    WTIMER2A_Handler                         0x00000395   Thumb Code     2  startup_tm4c123.o(.text)
    WTIMER2B_Handler                         0x00000397   Thumb Code     2  startup_tm4c123.o(.text)
    WTIMER3A_Handler                         0x00000399   Thumb Code     2  startup_tm4c123.o(.text)
    WTIMER3B_Handler                         0x0000039b   Thumb Code     2  startup_tm4c123.o(.text)
    WTIMER4A_Handler                         0x0000039d   Thumb Code     2  startup_tm4c123.o(.text)
    WTIMER4B_Handler                         0x0000039f   Thumb Code     2  startup_tm4c123.o(.text)
    WTIMER5A_Handler                         0x000003a1   Thumb Code     2  startup_tm4c123.o(.text)
    WTIMER5B_Handler                         0x000003a3   Thumb Code     2  startup_tm4c123.o(.text)
    FPU_Handler                              0x000003a5   Thumb Code     2  startup_tm4c123.o(.text)
    I2C4_Handler                             0x000003a7   Thumb Code     2  startup_tm4c123.o(.text)
    I2C5_Handler                             0x000003a9   Thumb Code     2  startup_tm4c123.o(.text)
    GPIOM_Handler                            0x000003ab   Thumb Code     2  startup_tm4c123.o(.text)
    GPION_Handler                            0x000003ad   Thumb Code     2  startup_tm4c123.o(.text)
    QEI2_Handler                             0x000003af   Thumb Code     2  startup_tm4c123.o(.text)
    GPIOP0_Handler                           0x000003b1   Thumb Code     2  startup_tm4c123.o(.text)
    GPIOP1_Handler                           0x000003b3   Thumb Code     2  startup_tm4c123.o(.text)
    GPIOP2_Handler                           0x000003b5   Thumb Code     2  startup_tm4c123.o(.text)
    GPIOP3_Handler                           0x000003b7   Thumb Code     2  startup_tm4c123.o(.text)
    GPIOP4_Handler                           0x000003b9   Thumb Code     2  startup_tm4c123.o(.text)
    GPIOP5_Handler                           0x000003bb   Thumb Code     2  startup_tm4c123.o(.text)
    GPIOP6_Handler                           0x000003bd   Thumb Code     2  startup_tm4c123.o(.text)
    GPIOP7_Handler                           0x000003bf   Thumb Code     2  startup_tm4c123.o(.text)
    GPIOQ0_Handler                           0x000003c1   Thumb Code     2  startup_tm4c123.o(.text)
    GPIOQ1_Handler                           0x000003c3   Thumb Code     2  startup_tm4c123.o(.text)
    GPIOQ2_Handler                           0x000003c5   Thumb Code     2  startup_tm4c123.o(.text)
    GPIOQ3_Handler                           0x000003c7   Thumb Code     2  startup_tm4c123.o(.text)
    GPIOQ4_Handler                           0x000003c9   Thumb Code     2  startup_tm4c123.o(.text)
    GPIOQ5_Handler                           0x000003cb   Thumb Code     2  startup_tm4c123.o(.text)
    GPIOQ6_Handler                           0x000003cd   Thumb Code     2  startup_tm4c123.o(.text)
    GPIOQ7_Handler                           0x000003cf   Thumb Code     2  startup_tm4c123.o(.text)
    GPIOR_Handler                            0x000003d1   Thumb Code     2  startup_tm4c123.o(.text)
    GPIOS_Handler                            0x000003d3   Thumb Code     2  startup_tm4c123.o(.text)
    PMW1_0_Handler                           0x000003d5   Thumb Code     2  startup_tm4c123.o(.text)
    PWM1_1_Handler                           0x000003d7   Thumb Code     2  startup_tm4c123.o(.text)
    PWM1_2_Handler                           0x000003d9   Thumb Code     2  startup_tm4c123.o(.text)
    PWM1_3_Handler                           0x000003db   Thumb Code     2  startup_tm4c123.o(.text)
    PWM1_FAULT_Handler                       0x000003dd   Thumb Code     2  startup_tm4c123.o(.text)
    __user_initial_stackheap                 0x000003e1   Thumb Code     0  startup_tm4c123.o(.text)
    SystemInit                               0x00000401   Thumb Code     2  main.o(.text)
    main                                     0x00000403   Thumb Code    80  main.o(.text)
    gpio_init_port                           0x00000459   Thumb Code   334  gpio.o(.text)
    gpio_init_pin                            0x000005a7   Thumb Code   410  gpio.o(.text)
    gpio_set_pullup                          0x00000741   Thumb Code    16  gpio.o(.text)
    gpio_set_pulldown                        0x00000751   Thumb Code    16  gpio.o(.text)
    gpio_set_drive2m                         0x00000761   Thumb Code    16  gpio.o(.text)
    gpio_set_drive4m                         0x00000771   Thumb Code    16  gpio.o(.text)
    gpio_set_drive8m                         0x00000781   Thumb Code    16  gpio.o(.text)
    gpio_set_register                        0x00000791   Thumb Code    14  gpio.o(.text)
    gpio_clear_register                      0x0000079f   Thumb Code    14  gpio.o(.text)
    gpio_read_port                           0x000007ad   Thumb Code    12  gpio.o(.text)
    gpio_write_port                          0x000007b9   Thumb Code    10  gpio.o(.text)
    gpio_read_pin                            0x000007c3   Thumb Code    12  gpio.o(.text)
    gpio_write_pin                           0x000007cf   Thumb Code     8  gpio.o(.text)
    __use_two_region_memory                  0x000007f1   Thumb Code     2  heapauxi.o(.text)
    __rt_heap_escrow$2region                 0x000007f3   Thumb Code     2  heapauxi.o(.text)
    __rt_heap_expand$2region                 0x000007f5   Thumb Code     2  heapauxi.o(.text)
    __user_setup_stackheap                   0x000007f7   Thumb Code    74  sys_stackheap_outer.o(.text)
    exit                                     0x00000841   Thumb Code    12  exit.o(.text)
    __user_libspace                          0x0000084d   Thumb Code     8  libspace.o(.text)
    __user_perproc_libspace                  0x0000084d   Thumb Code     0  libspace.o(.text)
    __user_perthread_libspace                0x0000084d   Thumb Code     0  libspace.o(.text)
    _sys_exit                                0x00000855   Thumb Code     8  sys_exit.o(.text)
    __I$use$semihosting                      0x00000861   Thumb Code     0  use_no_semi.o(.text)
    __use_no_semihosting_swi                 0x00000861   Thumb Code     2  use_no_semi.o(.text)
    __semihosting_library_function           0x00000863   Thumb Code     0  indicate_semi.o(.text)
    Region$$Table$$Base                      0x00000864   Number         0  anon$$obj.o(Region$$Table)
    Region$$Table$$Limit                     0x00000874   Number         0  anon$$obj.o(Region$$Table)
    __libspace_start                         0x20000000   Data          96  libspace.o(.bss)
    __temporary_stack_top$libspace           0x20000060   Data           0  libspace.o(.bss)



==============================================================================

Memory Map of the image

  Image Entry point : 0x000002ed

  Load Region LR_1 (Base: 0x00000000, Size: 0x00000874, Max: 0xffffffff, ABSOLUTE)

    Execution Region ER_RO (Base: 0x00000000, Size: 0x00000874, Max: 0xffffffff, ABSOLUTE)

    Base Addr    Size         Type   Attr      Idx    E Section Name        Object

    0x00000000   0x0000026c   Data   RO            3    RESET               startup_tm4c123.o
    0x0000026c   0x00000008   Code   RO           48  * !!!main             c_w.l(__main.o)
    0x00000274   0x00000034   Code   RO          202    !!!scatter          c_w.l(__scatter.o)
    0x000002a8   0x0000001c   Code   RO          204    !!handler_zi        c_w.l(__scatter_zi.o)
    0x000002c4   0x00000002   Code   RO           75    .ARM.Collect$$libinit$$00000000  c_w.l(libinit.o)
    0x000002c6   0x00000000   Code   RO           82    .ARM.Collect$$libinit$$00000002  c_w.l(libinit2.o)
    0x000002c6   0x00000000   Code   RO           85    .ARM.Collect$$libinit$$00000008  c_w.l(libinit2.o)
    0x000002c6   0x00000000   Code   RO           87    .ARM.Collect$$libinit$$0000000A  c_w.l(libinit2.o)
    0x000002c6   0x00000000   Code   RO           89    .ARM.Collect$$libinit$$0000000C  c_w.l(libinit2.o)
    0x000002c6   0x00000000   Code   RO           92    .ARM.Collect$$libinit$$0000000F  c_w.l(libinit2.o)
    0x000002c6   0x00000000   Code   RO           94    .ARM.Collect$$libinit$$00000011  c_w.l(libinit2.o)
    0x000002c6   0x00000000   Code   RO           96    .ARM.Collect$$libinit$$00000013  c_w.l(libinit2.o)
    0x000002c6   0x00000000   Code   RO           98    .ARM.Collect$$libinit$$00000015  c_w.l(libinit2.o)
    0x000002c6   0x00000000   Code   RO          100    .ARM.Collect$$libinit$$00000017  c_w.l(libinit2.o)
    0x000002c6   0x00000000   Code   RO          102    .ARM.Collect$$libinit$$00000019  c_w.l(libinit2.o)
    0x000002c6   0x00000000   Code   RO          104    .ARM.Collect$$libinit$$0000001B  c_w.l(libinit2.o)
    0x000002c6   0x00000000   Code   RO          106    .ARM.Collect$$libinit$$0000001D  c_w.l(libinit2.o)
    0x000002c6   0x00000000   Code   RO          108    .ARM.Collect$$libinit$$0000001F  c_w.l(libinit2.o)
    0x000002c6   0x00000000   Code   RO          110    .ARM.Collect$$libinit$$00000021  c_w.l(libinit2.o)
    0x000002c6   0x00000000   Code   RO          112    .ARM.Collect$$libinit$$00000023  c_w.l(libinit2.o)
    0x000002c6   0x00000000   Code   RO          116    .ARM.Collect$$libinit$$0000002A  c_w.l(libinit2.o)
    0x000002c6   0x00000000   Code   RO          118    .ARM.Collect$$libinit$$0000002C  c_w.l(libinit2.o)
    0x000002c6   0x00000000   Code   RO          120    .ARM.Collect$$libinit$$0000002E  c_w.l(libinit2.o)
    0x000002c6   0x00000000   Code   RO          122    .ARM.Collect$$libinit$$00000030  c_w.l(libinit2.o)
    0x000002c6   0x00000002   Code   RO          123    .ARM.Collect$$libinit$$00000031  c_w.l(libinit2.o)
    0x000002c8   0x00000002   Code   RO          143    .ARM.Collect$$libshutdown$$00000000  c_w.l(libshutdown.o)
    0x000002ca   0x00000000   Code   RO          157    .ARM.Collect$$libshutdown$$00000003  c_w.l(libshutdown2.o)
    0x000002ca   0x00000000   Code   RO          160    .ARM.Collect$$libshutdown$$00000006  c_w.l(libshutdown2.o)
    0x000002ca   0x00000000   Code   RO          163    .ARM.Collect$$libshutdown$$00000009  c_w.l(libshutdown2.o)
    0x000002ca   0x00000000   Code   RO          165    .ARM.Collect$$libshutdown$$0000000B  c_w.l(libshutdown2.o)
    0x000002ca   0x00000000   Code   RO          168    .ARM.Collect$$libshutdown$$0000000E  c_w.l(libshutdown2.o)
    0x000002ca   0x00000002   Code   RO          169    .ARM.Collect$$libshutdown$$0000000F  c_w.l(libshutdown2.o)
    0x000002cc   0x00000000   Code   RO           50    .ARM.Collect$$rtentry$$00000000  c_w.l(rtentry.o)
    0x000002cc   0x00000000   Code   RO           52    .ARM.Collect$$rtentry$$00000002  c_w.l(rtentry2.o)
    0x000002cc   0x00000006   Code   RO           64    .ARM.Collect$$rtentry$$00000004  c_w.l(rtentry4.o)
    0x000002d2   0x00000000   Code   RO           54    .ARM.Collect$$rtentry$$00000009  c_w.l(rtentry2.o)
    0x000002d2   0x00000004   Code   RO           55    .ARM.Collect$$rtentry$$0000000A  c_w.l(rtentry2.o)
    0x000002d6   0x00000000   Code   RO           57    .ARM.Collect$$rtentry$$0000000C  c_w.l(rtentry2.o)
    0x000002d6   0x00000008   Code   RO           58    .ARM.Collect$$rtentry$$0000000D  c_w.l(rtentry2.o)
    0x000002de   0x00000002   Code   RO           79    .ARM.Collect$$rtexit$$00000000  c_w.l(rtexit.o)
    0x000002e0   0x00000000   Code   RO          125    .ARM.Collect$$rtexit$$00000002  c_w.l(rtexit2.o)
    0x000002e0   0x00000004   Code   RO          126    .ARM.Collect$$rtexit$$00000003  c_w.l(rtexit2.o)
    0x000002e4   0x00000006   Code   RO          127    .ARM.Collect$$rtexit$$00000004  c_w.l(rtexit2.o)
    0x000002ea   0x00000002   PAD
    0x000002ec   0x00000114   Code   RO            4  * .text               startup_tm4c123.o
    0x00000400   0x00000058   Code   RO           10    .text               main.o
    0x00000458   0x00000398   Code   RO           32    .text               gpio.o
    0x000007f0   0x00000006   Code   RO           46    .text               c_w.l(heapauxi.o)
    0x000007f6   0x0000004a   Code   RO           66    .text               c_w.l(sys_stackheap_outer.o)
    0x00000840   0x0000000c   Code   RO           68    .text               c_w.l(exit.o)
    0x0000084c   0x00000008   Code   RO           76    .text               c_w.l(libspace.o)
    0x00000854   0x0000000c   Code   RO          135    .text               c_w.l(sys_exit.o)
    0x00000860   0x00000002   Code   RO          146    .text               c_w.l(use_no_semi.o)
    0x00000862   0x00000000   Code   RO          148    .text               c_w.l(indicate_semi.o)
    0x00000862   0x00000002   PAD
    0x00000864   0x00000010   Data   RO          200    Region$$Table       anon$$obj.o


    Execution Region ER_RW (Base: 0x20000000, Size: 0x00000000, Max: 0xffffffff, ABSOLUTE)

    **** No section assigned to this execution region ****


    Execution Region ER_ZI (Base: 0x20000000, Size: 0x00000260, Max: 0xffffffff, ABSOLUTE)

    Base Addr    Size         Type   Attr      Idx    E Section Name        Object

    0x20000000   0x00000060   Zero   RW           77    .bss                c_w.l(libspace.o)
    0x20000060   0x00000000   Zero   RW            2    HEAP                startup_tm4c123.o
    0x20000060   0x00000200   Zero   RW            1    STACK               startup_tm4c123.o


==============================================================================

Image component sizes


      Code (inc. data)   RO Data    RW Data    ZI Data      Debug   Object Name

       920         26          0          0          0       3346   gpio.o
        88          6          0          0          0       6062   main.o
       276         24        620          0        512       5364   startup_tm4c123.o

    ----------------------------------------------------------------------
      1284         56        636          0        512      14772   Object Totals
         0          0         16          0          0          0   (incl. Generated)
         0          0          0          0          0          0   (incl. Padding)

    ----------------------------------------------------------------------

      Code (inc. data)   RO Data    RW Data    ZI Data      Debug   Library Member Name

         8          0          0          0          0         68   __main.o
        52          8          0          0          0          0   __scatter.o
        28          0          0          0          0          0   __scatter_zi.o
        12          0          0          0          0         72   exit.o
         6          0          0          0          0        152   heapauxi.o
         0          0          0          0          0          0   indicate_semi.o
         2          0          0          0          0          0   libinit.o
         2          0          0          0          0          0   libinit2.o
         2          0          0          0          0          0   libshutdown.o
         2          0          0          0          0          0   libshutdown2.o
         8          4          0          0         96         68   libspace.o
         0          0          0          0          0          0   rtentry.o
        12          0          0          0          0          0   rtentry2.o
         6          0          0          0          0          0   rtentry4.o
         2          0          0          0          0          0   rtexit.o
        10          0          0          0          0          0   rtexit2.o
        12          4          0          0          0         68   sys_exit.o
        74          0          0          0          0         80   sys_stackheap_outer.o
         2          0          0          0          0         68   use_no_semi.o

    ----------------------------------------------------------------------
       244         16          0          0         96        576   Library Totals
         4          0          0          0          0          0   (incl. Padding)

    ----------------------------------------------------------------------

      Code (inc. data)   RO Data    RW Data    ZI Data      Debug   Library Name

       240         16          0          0         96        576   c_w.l

    ----------------------------------------------------------------------
       244         16          0          0         96        576   Library Totals

    ----------------------------------------------------------------------

==============================================================================


      Code (inc. data)   RO Data    RW Data    ZI Data      Debug   

      1528         72        636          0        608      14932   Grand Totals
      1528         72        636          0        608      14932   ELF Image Totals
      1528         72        636          0          0          0   ROM Totals

==============================================================================

    Total RO  Size (Code + RO Data)                 2164 (   2.11kB)
    Total RW  Size (RW Data + ZI Data)               608 (   0.59kB)
    Total ROM Size (Code + RO Data + RW Data)       2164 (   2.11kB)

==============================================================================

